▿ 5 elements
  ▿ (4 elements)
    - message: "TestStore.init"
    - action: "init"
    ▿ state: BoundariesTests.AppState
      ▿ counter: BoundariesTests.CounterState
        - count: 0
      - loggedIn: true
    ▿ effect: Boundaries.Cmd<BoundariesTests.MyEffect>.parallel
      - parallel: 0 elements
  ▿ (4 elements)
    - message: ""
    ▿ action: BoundariesTests.AppAction.counterAction
      - counterAction: BoundariesTests.CounterAction.incr
    ▿ state: BoundariesTests.AppState
      ▿ counter: BoundariesTests.CounterState
        - count: 1
      - loggedIn: true
    ▿ effect: Boundaries.Cmd<BoundariesTests.MyEffect>.sequence
      ▿ sequence: 2 elements
        ▿ Boundaries.Cmd<BoundariesTests.MyEffect>.parallel
          - parallel: 0 elements
        ▿ Boundaries.Cmd<BoundariesTests.MyEffect>.parallel
          ▿ parallel: 2 elements
            ▿ Boundaries.Cmd<BoundariesTests.MyEffect>.execute
              ▿ execute: BoundariesTests.MyEffect.print
                - print: "incr"
            ▿ Boundaries.Cmd<BoundariesTests.MyEffect>.execute
              ▿ execute: BoundariesTests.MyEffect.trackAnalytics
                ▿ trackAnalytics: (2 elements)
                  - eventName: "Incremented"
                  ▿ properties: 1 key/value pair
                    ▿ (2 elements)
                      - key: "count"
                      - value: 1
  ▿ (4 elements)
    - message: ""
    ▿ action: BoundariesTests.AppAction.counterAction
      - counterAction: BoundariesTests.CounterAction.decr
    ▿ state: BoundariesTests.AppState
      ▿ counter: BoundariesTests.CounterState
        - count: 0
      - loggedIn: true
    ▿ effect: Boundaries.Cmd<BoundariesTests.MyEffect>.sequence
      ▿ sequence: 2 elements
        ▿ Boundaries.Cmd<BoundariesTests.MyEffect>.parallel
          - parallel: 0 elements
        ▿ Boundaries.Cmd<BoundariesTests.MyEffect>.execute
          ▿ execute: BoundariesTests.MyEffect.print
            - print: "decr"
  ▿ (4 elements)
    - message: ""
    - action: BoundariesTests.AppAction.settingsAction
    ▿ state: BoundariesTests.AppState
      ▿ counter: BoundariesTests.CounterState
        - count: 0
      - loggedIn: false
    ▿ effect: Boundaries.Cmd<BoundariesTests.MyEffect>.sequence
      ▿ sequence: 2 elements
        ▿ Boundaries.Cmd<BoundariesTests.MyEffect>.execute
          ▿ execute: BoundariesTests.MyEffect.request
            - request: "http://www.google.com"
        ▿ Boundaries.Cmd<BoundariesTests.MyEffect>.parallel
          - parallel: 0 elements
  ▿ (4 elements)
    - message: ""
    ▿ action: BoundariesTests.AppAction.requestResult
      - requestResult: "http://www.google.com: HELLO WORLD!"
    ▿ state: BoundariesTests.AppState
      ▿ counter: BoundariesTests.CounterState
        - count: 0
      - loggedIn: false
    ▿ effect: Boundaries.Cmd<BoundariesTests.MyEffect>.sequence
      ▿ sequence: 2 elements
        ▿ Boundaries.Cmd<BoundariesTests.MyEffect>.parallel
          - parallel: 0 elements
        ▿ Boundaries.Cmd<BoundariesTests.MyEffect>.parallel
          - parallel: 0 elements
