▿ NonEmpty.NonEmptyArray<(state: BoundariesTests.CounterState, effect: Boundaries.Effect<BoundariesTests.CounterAction>)>
  ▿ head: (2 elements)
    ▿ state: BoundariesTests.CounterState
      - count: 0
    ▿ effect: Boundaries.Effect<BoundariesTests.CounterAction>.batch
      - batch: 0 elements
  ▿ tail: 3 elements
    ▿ (2 elements)
      ▿ state: BoundariesTests.CounterState
        - count: 1
      ▿ effect: Boundaries.Effect<BoundariesTests.CounterAction>._execute
        ▿ _execute: (2 elements)
          ▿ .0: 2 elements
            - "print"
            - "incr"
          - .1: (Function)
    ▿ (2 elements)
      ▿ state: BoundariesTests.CounterState
        - count: 2
      ▿ effect: Boundaries.Effect<BoundariesTests.CounterAction>._execute
        ▿ _execute: (2 elements)
          ▿ .0: 2 elements
            - "print"
            - "incr"
          - .1: (Function)
    ▿ (2 elements)
      ▿ state: BoundariesTests.CounterState
        - count: 1
      ▿ effect: Boundaries.Effect<BoundariesTests.CounterAction>._execute
        ▿ _execute: (2 elements)
          ▿ .0: 2 elements
            - "print"
            - "decr"
          - .1: (Function)
